Unknown command: from-openapi
